c:\users\user\documents\kutatás\neo-grid\neo-grid\neo-grid\x64\debug\vc143.pdb
c:\users\user\documents\kutatás\neo-grid\neo-grid\neo-grid\x64\debug\vc143.idb
c:\users\user\documents\kutatás\neo-grid\neo-grid\neo-grid\x64\debug\glad.obj
c:\users\user\documents\kutatás\neo-grid\neo-grid\neo-grid\x64\debug\main.obj
c:\users\user\documents\kutatás\neo-grid\neo-grid\neo-grid\x64\debug\neo-grid.ilk
c:\users\user\documents\kutatás\neo-grid\neo-grid\neo-grid\x64\debug\main.obj.enc
c:\users\user\documents\kutatás\neo-grid\neo-grid\x64\debug\neo-grid.pdb
c:\users\user\documents\kutatás\neo-grid\neo-grid\neo-grid\x64\debug\neo-grid.tlog\cl.command.1.tlog
c:\users\user\documents\kutatás\neo-grid\neo-grid\neo-grid\x64\debug\neo-grid.tlog\cl.items.tlog
c:\users\user\documents\kutatás\neo-grid\neo-grid\neo-grid\x64\debug\neo-grid.tlog\cl.read.1.tlog
c:\users\user\documents\kutatás\neo-grid\neo-grid\neo-grid\x64\debug\neo-grid.tlog\cl.write.1.tlog
c:\users\user\documents\kutatás\neo-grid\neo-grid\neo-grid\x64\debug\neo-grid.tlog\link-cvtres.read.1.tlog
c:\users\user\documents\kutatás\neo-grid\neo-grid\neo-grid\x64\debug\neo-grid.tlog\link-cvtres.write.1.tlog
c:\users\user\documents\kutatás\neo-grid\neo-grid\neo-grid\x64\debug\neo-grid.tlog\link-rc.read.1.tlog
c:\users\user\documents\kutatás\neo-grid\neo-grid\neo-grid\x64\debug\neo-grid.tlog\link-rc.write.1.tlog
c:\users\user\documents\kutatás\neo-grid\neo-grid\neo-grid\x64\debug\neo-grid.tlog\link.27400-cvtres.read.1.tlog
c:\users\user\documents\kutatás\neo-grid\neo-grid\neo-grid\x64\debug\neo-grid.tlog\link.27400-cvtres.write.1.tlog
c:\users\user\documents\kutatás\neo-grid\neo-grid\neo-grid\x64\debug\neo-grid.tlog\link.27400-rc.read.1.tlog
c:\users\user\documents\kutatás\neo-grid\neo-grid\neo-grid\x64\debug\neo-grid.tlog\link.27400-rc.write.1.tlog
c:\users\user\documents\kutatás\neo-grid\neo-grid\neo-grid\x64\debug\neo-grid.tlog\link.27400.read.1.tlog
c:\users\user\documents\kutatás\neo-grid\neo-grid\neo-grid\x64\debug\neo-grid.tlog\link.27400.read.2.tlog
c:\users\user\documents\kutatás\neo-grid\neo-grid\neo-grid\x64\debug\neo-grid.tlog\link.27400.write.1.tlog
c:\users\user\documents\kutatás\neo-grid\neo-grid\neo-grid\x64\debug\neo-grid.tlog\link.command.1.tlog
c:\users\user\documents\kutatás\neo-grid\neo-grid\neo-grid\x64\debug\neo-grid.tlog\link.read.1.tlog
c:\users\user\documents\kutatás\neo-grid\neo-grid\neo-grid\x64\debug\neo-grid.tlog\link.read.2.tlog
c:\users\user\documents\kutatás\neo-grid\neo-grid\neo-grid\x64\debug\neo-grid.tlog\link.secondary.1.tlog
c:\users\user\documents\kutatás\neo-grid\neo-grid\neo-grid\x64\debug\neo-grid.tlog\link.write.1.tlog
